
> client@0.1.0 build
> react-scripts build

node.exe : (node:936) 
[DEP0176] 
DeprecationWarning: 
fs.F_OK is deprecated, 
use fs.constants.F_OK 
instead
At line:1 char:1
+ & "C:\Program 
Files\nodejs/node.exe" 
"C:\Users\dbsth\AppData
\Roaming\ ...
+ ~~~~~~~~~~~~~~~~~~~~~
~~~~~~~~~~~~~~~~~~~~~~~
~~~~~~~~~~~~~~~~~~~~~~~
~~
    + CategoryInfo     
         : NotSpecifi  
  ed: ((node:936) [D   
 EP...ts.F_OK inste    
ad:String) [], Rem    
oteException
    + FullyQualifiedEr 
   rorId : NativeComm  
  andError
 
(Use `node 
--trace-deprecation 
...` to show where the 
warning was created)
Creating an optimized production build...
Compiled with warnings.

[eslint] 
src\pages\Dashboard.js
  Line 56:6:  React Hook useEffect has a missing dependency: 'nepaliMonths'. Either include it or remove the dependency array  react-hooks/exhaustive-deps

Search for the keywords to learn more about each warning.
To ignore, add // eslint-disable-next-line to the line before.

File sizes after gzip:

  298.02 kB  build\static\js\main.197a5c94.js
  2.83 kB    build\static\css\main.e4ac2b01.css
  1.76 kB    build\static\js\453.470c3363.chunk.js

The project was built assuming it is hosted at /.
You can control this with the homepage field in your package.json.

The build folder is ready to be deployed.
You may serve it with a static server:

  npm install -g serve
  serve -s build

Find out more about deployment here:

  https://cra.link/deployment

